22:16:40 [INFO] 版本: 1.2.0, 模式: merge (CLI)
22:16:40 [INFO] 
22:16:40 [INFO] ==================================================
22:16:40 [INFO] 三文件合并模式
22:16:40 [INFO] ==================================================
22:16:40 [INFO] 普文件 (主): LH727普.xlsm
22:16:40 [INFO] 木框文件:    LH727木.xlsm
22:16:40 [INFO] 金框文件:    LH727金.xlsm
22:16:40 [INFO] 
22:16:40 [INFO] 请选择上架类型:
22:16:40 [INFO] 1) 新品上架      (所有 SKU 按新命名规则重新编号)
22:16:40 [INFO] 2) 老品补充变体  (普文件原 SKU 保留, 仅金+木 SKU 按新规则编号)
22:16:40 [ERROR] 处理失败 (未预期错误)
Traceback (most recent call last):
  File "/Users/linan/Desktop/code/amazon-excel-processor/src/amazon_excel_processor/gui_entry.py", line 244, in main
    _run_merge(p_main, p_wood, p_gold, flog)
  File "/Users/linan/Desktop/code/amazon-excel-processor/src/amazon_excel_processor/gui_entry.py", line 139, in _run_merge
    list_type = _prompt_choice("  输入 [1/2]: ", ["1", "2"])
                ^^^^^^^^^^^^^^^^^^^^^^^^^^^^^^^^^^^^^^^^^^^^
  File "/Users/linan/Desktop/code/amazon-excel-processor/src/amazon_excel_processor/gui_entry.py", line 62, in _prompt_choice
    v = input(prompt).strip()
        ^^^^^^^^^^^^^
EOFError: EOF when reading a line
